../Core/Src/main.c:122:7:task1	16	static
../Core/Src/main.c:78:5:main	24	static
../Core/Src/main.c:142:7:task2	16	static
../Core/Src/main.c:163:7:task3	16	static
../Core/Src/main.c:213:6:SystemClock_Config	88	static
../Core/Src/main.c:264:13:MX_TIM2_Init	40	static
../Core/Src/main.c:309:13:MX_USART3_UART_Init	8	static
../Core/Src/main.c:344:13:MX_USB_OTG_FS_PCD_Init	8	static
../Core/Src/main.c:379:13:MX_GPIO_Init	56	static
../Core/Src/main.c:462:6:HAL_TIM_PeriodElapsedCallback	16	static
../Core/Src/main.c:478:6:Error_Handler	4	static,ignoring_inline_asm
